src/config/database.ts(4,5): error TS2353: Object literal may only specify known properties, and 'datasourceUrl' does not exist in type 'Subset<PrismaClientOptions, PrismaClientOptions>'.
src/controllers/authController.ts(299,13): error TS2375: Type '{ bio?: string | undefined; emergencyContactName?: string | undefined; emergencyContactRelation?: string | undefined; emergencyContactPhone?: string | undefined; skills?: string[] | undefined; ... 12 more ...; dndEnabled?: boolean | undefined; }' is not assignable to type '(Without<UserUpdateInput, UserUncheckedUpdateInput> & UserUncheckedUpdateInput) | (Without<...> & UserUpdateInput)' with 'exactOptionalPropertyTypes: true'. Consider adding 'undefined' to the types of the target's properties.
  Type '{ bio?: string | undefined; emergencyContactName?: string | undefined; emergencyContactRelation?: string | undefined; emergencyContactPhone?: string | undefined; skills?: string[] | undefined; ... 12 more ...; dndEnabled?: boolean | undefined; }' is not assignable to type 'Without<UserUncheckedUpdateInput, UserUpdateInput> & UserUpdateInput' with 'exactOptionalPropertyTypes: true'. Consider adding 'undefined' to the types of the target's properties.
    Type '{ bio?: string | undefined; emergencyContactName?: string | undefined; emergencyContactRelation?: string | undefined; emergencyContactPhone?: string | undefined; skills?: string[] | undefined; ... 12 more ...; dndEnabled?: boolean | undefined; }' is not assignable to type 'UserUpdateInput' with 'exactOptionalPropertyTypes: true'. Consider adding 'undefined' to the types of the target's properties.
      Types of property 'avatar' are incompatible.
        Type 'string | undefined' is not assignable to type 'string | NullableStringFieldUpdateOperationsInput | null'.
          Type 'undefined' is not assignable to type 'string | NullableStringFieldUpdateOperationsInput | null'.
src/controllers/dailyReportController.ts(2,24): error TS2835: Relative import paths need explicit file extensions in ECMAScript imports when '--moduleResolution' is 'node16' or 'nodenext'. Did you mean '../index.js'?
src/controllers/dailyReportController.ts(27,76): error TS2339: Property 'errors' does not exist on type 'ZodError<{ date: Date; taskIds: string[]; hoursWorked: number; accomplishments: string; selfRating: number; problems?: string | undefined; tomorrowPlan?: string | undefined; proofFileUrl?: string | undefined; }>'.
src/controllers/dailyReportController.ts(114,42): error TS7006: Parameter 'u' implicitly has an 'any' type.
src/controllers/meetingController.ts(34,13): error TS2375: Type '{ title: string; description: string | undefined; startTime: Date; endTime: Date; meetingLink: string | undefined; meetingType: "TEAM_MEETING"; projectId: string | undefined; organizerId: any; }' is not assignable to type '(Without<MeetingCreateInput, MeetingUncheckedCreateInput> & MeetingUncheckedCreateInput) | (Without<...> & MeetingCreateInput)' with 'exactOptionalPropertyTypes: true'. Consider adding 'undefined' to the types of the target's properties.
  Type '{ title: string; description: string | undefined; startTime: Date; endTime: Date; meetingLink: string | undefined; meetingType: "TEAM_MEETING"; projectId: string | undefined; organizerId: any; }' is not assignable to type 'Without<MeetingUncheckedCreateInput, MeetingCreateInput> & MeetingCreateInput' with 'exactOptionalPropertyTypes: true'. Consider adding 'undefined' to the types of the target's properties.
    Type '{ title: string; description: string | undefined; startTime: Date; endTime: Date; meetingLink: string | undefined; meetingType: "TEAM_MEETING"; projectId: string | undefined; organizerId: any; }' is not assignable to type 'Without<MeetingUncheckedCreateInput, MeetingCreateInput>' with 'exactOptionalPropertyTypes: true'. Consider adding 'undefined' to the types of the target's properties.
      Types of property 'projectId' are incompatible.
        Type 'string | undefined' is not assignable to type 'never'.
          Type 'undefined' is not assignable to type 'never'.
src/controllers/milestoneController.ts(13,22): error TS2412: Type 'string | string[] | undefined' is not assignable to type 'string | undefined' with 'exactOptionalPropertyTypes: true'. Consider adding 'undefined' to the type of the target.
src/controllers/milestoneController.ts(23,47): error TS2551: Property 'project' does not exist on type '{ id: string; createdAt: Date; updatedAt: Date; name: string; description: string | null; status: MilestoneStatus; dueDate: Date; projectId: string; amount: Decimal | null; isApproved: boolean; }'. Did you mean 'projectId'?
src/controllers/milestoneController.ts(43,22): error TS2412: Type 'string | string[] | undefined' is not assignable to type 'string | undefined' with 'exactOptionalPropertyTypes: true'. Consider adding 'undefined' to the type of the target.
src/controllers/milestoneController.ts(69,22): error TS2412: Type 'string | string[] | undefined' is not assignable to type 'string | undefined' with 'exactOptionalPropertyTypes: true'. Consider adding 'undefined' to the type of the target.
src/controllers/milestoneController.ts(78,47): error TS2551: Property 'project' does not exist on type '{ id: string; createdAt: Date; updatedAt: Date; name: string; description: string | null; status: MilestoneStatus; dueDate: Date; projectId: string; amount: Decimal | null; isApproved: boolean; }'. Did you mean 'projectId'?
src/controllers/milestoneController.ts(96,35): error TS2551: Property 'project' does not exist on type '{ id: string; createdAt: Date; updatedAt: Date; name: string; description: string | null; status: MilestoneStatus; dueDate: Date; projectId: string; amount: Decimal | null; isApproved: boolean; }'. Did you mean 'projectId'?
src/controllers/projectController.ts(64,22): error TS2412: Type 'string | string[] | undefined' is not assignable to type 'string | undefined' with 'exactOptionalPropertyTypes: true'. Consider adding 'undefined' to the type of the target.
src/controllers/projectController.ts(96,70): error TS2367: This comparison appears to be unintentional because the types '"MANAGER"' and '"SUPER_ADMIN"' have no overlap.
src/controllers/projectController.ts(104,38): error TS2339: Property 'members' does not exist on type '{ id: string; createdAt: Date; updatedAt: Date; name: string; managerId: string; clientId: string | null; description: string | null; businessVertical: BusinessVertical; ... 5 more ...; priority: Priority; }'.
src/controllers/projectController.ts(104,51): error TS7006: Parameter 'm' implicitly has an 'any' type.
src/controllers/projectController.ts(127,22): error TS2412: Type 'string | string[] | undefined' is not assignable to type 'string | StringFilter<"Task"> | undefined' with 'exactOptionalPropertyTypes: true'. Consider adding 'undefined' to the type of the target.
src/controllers/projectController.ts(132,22): error TS2412: Type 'string | string[] | undefined' is not assignable to type 'string | undefined' with 'exactOptionalPropertyTypes: true'. Consider adding 'undefined' to the type of the target.
src/controllers/taskController.ts(1,10): error TS1484: 'Request' is a type and must be imported using a type-only import when 'verbatimModuleSyntax' is enabled.
src/controllers/taskController.ts(1,19): error TS1484: 'Response' is a type and must be imported using a type-only import when 'verbatimModuleSyntax' is enabled.
src/controllers/taskController.ts(2,24): error TS2835: Relative import paths need explicit file extensions in ECMAScript imports when '--moduleResolution' is 'node16' or 'nodenext'. Did you mean '../index.js'?
src/controllers/taskController.ts(26,76): error TS2339: Property 'errors' does not exist on type 'ZodError<{ title: string; projectId: string; assignedToId: string; priority: "LOW" | "MEDIUM" | "HIGH" | "URGENT"; dueDate: Date; description?: string | undefined; estimatedHours?: number | undefined; parentTaskId?: string | undefined; }>'.
src/controllers/userController.ts(1,10): error TS1484: 'Request' is a type and must be imported using a type-only import when 'verbatimModuleSyntax' is enabled.
src/controllers/userController.ts(1,19): error TS1484: 'Response' is a type and must be imported using a type-only import when 'verbatimModuleSyntax' is enabled.
src/controllers/userController.ts(2,24): error TS2835: Relative import paths need explicit file extensions in ECMAScript imports when '--moduleResolution' is 'node16' or 'nodenext'. Did you mean '../index.js'?
src/routes/dailyReports.ts(2,72): error TS2835: Relative import paths need explicit file extensions in ECMAScript imports when '--moduleResolution' is 'node16' or 'nodenext'. Did you mean '../controllers/dailyReportController.js'?
src/routes/dailyReports.ts(3,43): error TS2835: Relative import paths need explicit file extensions in ECMAScript imports when '--moduleResolution' is 'node16' or 'nodenext'. Did you mean '../middleware/auth.js'?
src/routes/tasks.ts(2,62): error TS2835: Relative import paths need explicit file extensions in ECMAScript imports when '--moduleResolution' is 'node16' or 'nodenext'. Did you mean '../controllers/taskController.js'?
src/routes/tasks.ts(3,43): error TS2835: Relative import paths need explicit file extensions in ECMAScript imports when '--moduleResolution' is 'node16' or 'nodenext'. Did you mean '../middleware/auth.js'?
src/routes/users.ts(2,38): error TS2835: Relative import paths need explicit file extensions in ECMAScript imports when '--moduleResolution' is 'node16' or 'nodenext'. Did you mean '../controllers/userController.js'?
src/routes/users.ts(3,43): error TS2835: Relative import paths need explicit file extensions in ECMAScript imports when '--moduleResolution' is 'node16' or 'nodenext'. Did you mean '../middleware/auth.js'?
src/utils/jwt.ts(1,15): error TS1484: 'SignOptions' is a type and must be imported using a type-only import when 'verbatimModuleSyntax' is enabled.
src/utils/jwt.ts(14,9): error TS2322: Type 'string' is not assignable to type 'number | StringValue'.
src/utils/jwt.ts(25,9): error TS2322: Type 'string' is not assignable to type 'number | StringValue'.
