src/controllers/dailyReportController.ts(159,22): error TS2412: Type 'string | string[] | undefined' is not assignable to type 'string | undefined' with 'exactOptionalPropertyTypes: true'. Consider adding 'undefined' to the type of the target.
src/controllers/milestoneController.ts(13,22): error TS2412: Type 'string | string[] | undefined' is not assignable to type 'string | undefined' with 'exactOptionalPropertyTypes: true'. Consider adding 'undefined' to the type of the target.
src/controllers/milestoneController.ts(23,47): error TS2551: Property 'project' does not exist on type '{ id: string; createdAt: Date; updatedAt: Date; name: string; description: string | null; status: MilestoneStatus; dueDate: Date; projectId: string; amount: Decimal | null; isApproved: boolean; }'. Did you mean 'projectId'?
src/controllers/milestoneController.ts(43,22): error TS2412: Type 'string | string[] | undefined' is not assignable to type 'string | undefined' with 'exactOptionalPropertyTypes: true'. Consider adding 'undefined' to the type of the target.
src/controllers/milestoneController.ts(69,22): error TS2412: Type 'string | string[] | undefined' is not assignable to type 'string | undefined' with 'exactOptionalPropertyTypes: true'. Consider adding 'undefined' to the type of the target.
src/controllers/milestoneController.ts(78,47): error TS2551: Property 'project' does not exist on type '{ id: string; createdAt: Date; updatedAt: Date; name: string; description: string | null; status: MilestoneStatus; dueDate: Date; projectId: string; amount: Decimal | null; isApproved: boolean; }'. Did you mean 'projectId'?
src/controllers/milestoneController.ts(96,35): error TS2551: Property 'project' does not exist on type '{ id: string; createdAt: Date; updatedAt: Date; name: string; description: string | null; status: MilestoneStatus; dueDate: Date; projectId: string; amount: Decimal | null; isApproved: boolean; }'. Did you mean 'projectId'?
src/controllers/projectController.ts(64,22): error TS2412: Type 'string | string[] | undefined' is not assignable to type 'string | undefined' with 'exactOptionalPropertyTypes: true'. Consider adding 'undefined' to the type of the target.
src/controllers/projectController.ts(96,70): error TS2367: This comparison appears to be unintentional because the types '"MANAGER"' and '"SUPER_ADMIN"' have no overlap.
src/controllers/projectController.ts(104,38): error TS2339: Property 'members' does not exist on type '{ id: string; createdAt: Date; updatedAt: Date; name: string; managerId: string; clientId: string | null; description: string | null; businessVertical: BusinessVertical; ... 5 more ...; priority: Priority; }'.
src/controllers/projectController.ts(104,51): error TS7006: Parameter 'm' implicitly has an 'any' type.
src/controllers/projectController.ts(127,22): error TS2412: Type 'string | string[] | undefined' is not assignable to type 'string | StringFilter<"Task"> | undefined' with 'exactOptionalPropertyTypes: true'. Consider adding 'undefined' to the type of the target.
src/controllers/projectController.ts(132,22): error TS2412: Type 'string | string[] | undefined' is not assignable to type 'string | undefined' with 'exactOptionalPropertyTypes: true'. Consider adding 'undefined' to the type of the target.
src/controllers/taskController.ts(26,76): error TS2339: Property 'errors' does not exist on type 'ZodError<{ title: string; projectId: string; assignedToId: string; priority: "LOW" | "MEDIUM" | "HIGH" | "URGENT"; dueDate: Date; description?: string | undefined; estimatedHours?: number | undefined; parentTaskId?: string | undefined; }>'.
src/controllers/taskController.ts(105,22): error TS2412: Type 'string | string[] | undefined' is not assignable to type 'string | undefined' with 'exactOptionalPropertyTypes: true'. Consider adding 'undefined' to the type of the target.
src/controllers/taskController.ts(119,45): error TS2412: Type 'string | string[] | undefined' is not assignable to type 'string | undefined' with 'exactOptionalPropertyTypes: true'. Consider adding 'undefined' to the type of the target.
src/routes/dailyReports.ts(2,72): error TS2835: Relative import paths need explicit file extensions in ECMAScript imports when '--moduleResolution' is 'node16' or 'nodenext'. Did you mean '../controllers/dailyReportController.js'?
src/routes/dailyReports.ts(3,43): error TS2835: Relative import paths need explicit file extensions in ECMAScript imports when '--moduleResolution' is 'node16' or 'nodenext'. Did you mean '../middleware/auth.js'?
src/routes/tasks.ts(2,62): error TS2835: Relative import paths need explicit file extensions in ECMAScript imports when '--moduleResolution' is 'node16' or 'nodenext'. Did you mean '../controllers/taskController.js'?
src/routes/tasks.ts(3,43): error TS2835: Relative import paths need explicit file extensions in ECMAScript imports when '--moduleResolution' is 'node16' or 'nodenext'. Did you mean '../middleware/auth.js'?
src/routes/users.ts(2,38): error TS2835: Relative import paths need explicit file extensions in ECMAScript imports when '--moduleResolution' is 'node16' or 'nodenext'. Did you mean '../controllers/userController.js'?
src/routes/users.ts(3,43): error TS2835: Relative import paths need explicit file extensions in ECMAScript imports when '--moduleResolution' is 'node16' or 'nodenext'. Did you mean '../middleware/auth.js'?
src/utils/jwt.ts(1,15): error TS1484: 'SignOptions' is a type and must be imported using a type-only import when 'verbatimModuleSyntax' is enabled.
src/utils/jwt.ts(14,9): error TS2322: Type 'string' is not assignable to type 'number | StringValue'.
src/utils/jwt.ts(25,9): error TS2322: Type 'string' is not assignable to type 'number | StringValue'.
